15:44:19 **** Incremental Build of configuration Debug for project STM32H743VIT6_Dev_Bd ****
make -j16 all 
arm-none-eabi-gcc "../Core/Src/main.c" -mcpu=cortex-m7 -std=gnu11 -g3 -DDEBUG -DUSE_HAL_DRIVER -DSTM32H743xx -c -I../Core/Inc -I../Drivers/STM32H7xx_HAL_Driver/Inc -I../Drivers/STM32H7xx_HAL_Driver/Inc/Legacy -I../Drivers/CMSIS/Device/ST/STM32H7xx/Include -I../Drivers/CMSIS/Include -O0 -ffunction-sections -fdata-sections -Wall -fstack-usage -fcyclomatic-complexity -MMD -MP -MF"Core/Src/main.d" -MT"Core/Src/main.o" --specs=nano.specs -mfpu=fpv5-d16 -mfloat-abi=hard -mthumb -o "Core/Src/main.o"
arm-none-eabi-gcc -o "STM32H743VIT6_Dev_Bd.elf" @"objects.list"   -mcpu=cortex-m7 -T"C:\Onedrive\04_Development\01_Project\Active\03_STM32H743VIT6_Test_Bd_(Rev.A)\Proj-STM32H743VIT6-Test-Dev-Board\02_FW\STM32H743VIT6_Dev_Bd\STM32H743VITX_FLASH.ld" --specs=nosys.specs -Wl,-Map="STM32H743VIT6_Dev_Bd.map" -Wl,--gc-sections -static --specs=nano.specs -mfpu=fpv5-d16 -mfloat-abi=hard -mthumb -Wl,--start-group -lc -lm -Wl,--end-group
Finished building target: STM32H743VIT6_Dev_Bd.elf
 
arm-none-eabi-size  STM32H743VIT6_Dev_Bd.elf 
arm-none-eabi-objdump -h -S STM32H743VIT6_Dev_Bd.elf  > "STM32H743VIT6_Dev_Bd.list"
   text	   data	    bss	    dec	    hex	filename
  10992	     56	   1648	  12696	   3198	STM32H743VIT6_Dev_Bd.elf
Finished building: default.size.stdout
 
Finished building: STM32H743VIT6_Dev_Bd.list
 
15:44:21 **** Incremental Build of configuration Debug for project STM32H743VIT6_Dev_Bd ****
make -j16 all 
arm-none-eabi-size  STM32H743VIT6_Dev_Bd.elf 
   text	   data	    bss	    dec	    hex	filename
  10992	     56	   1648	  12696	   3198	STM32H743VIT6_Dev_Bd.elf
Finished building: default.size.stdout
 
